INFO:root:Information Message!, Filename is Test.Log 
ERROR:root:Writing error message into the file
CRITICAL:root:Writing critical message in the file.
WARNING:root:Writing warning message in the file.
CRITICAL:root:Writing critical message in the file.
WARNING:root:This will get logged to a file
WARNING:root:This will get logged to a file
